// Jest Snapshot v1, https://goo.gl/fbAQLP

exports[`components IncrementationField cannot have value lower than min value 1`] = `
"<div>
  <styled.button type=\\"button\\" onClick={[Function: bound decrement]} data-cy=\\"undefined-decrement\\">
    -
  </styled.button>
  <styled.span>
    3
  </styled.span>
  <styled.button type=\\"button\\" onClick={[Function: bound increment]} data-cy=\\"undefined-increment\\">
    +
  </styled.button>
</div>"
`;

exports[`components IncrementationField cannot have value lower than min value 2`] = `
"<div>
  <styled.button type=\\"button\\" onClick={[Function: bound decrement]} data-cy=\\"undefined-decrement\\">
    -
  </styled.button>
  <styled.span>
    3
  </styled.span>
  <styled.button type=\\"button\\" onClick={[Function: bound increment]} data-cy=\\"undefined-increment\\">
    +
  </styled.button>
</div>"
`;

exports[`components IncrementationField is decremented by 1 on decrement button click 1`] = `
"<div>
  <styled.button type=\\"button\\" onClick={[Function: bound decrement]} data-cy=\\"undefined-decrement\\">
    -
  </styled.button>
  <styled.span>
    42
  </styled.span>
  <styled.button type=\\"button\\" onClick={[Function: bound increment]} data-cy=\\"undefined-increment\\">
    +
  </styled.button>
</div>"
`;

exports[`components IncrementationField is decremented by 1 on decrement button click 2`] = `
"<div>
  <styled.button type=\\"button\\" onClick={[Function: bound decrement]} data-cy=\\"undefined-decrement\\">
    -
  </styled.button>
  <styled.span>
    41
  </styled.span>
  <styled.button type=\\"button\\" onClick={[Function: bound increment]} data-cy=\\"undefined-increment\\">
    +
  </styled.button>
</div>"
`;

exports[`components IncrementationField is incremented by 1 on increment button click 1`] = `
"<div>
  <styled.button type=\\"button\\" onClick={[Function: bound decrement]} data-cy=\\"undefined-decrement\\">
    -
  </styled.button>
  <styled.span>
    0
  </styled.span>
  <styled.button type=\\"button\\" onClick={[Function: bound increment]} data-cy=\\"undefined-increment\\">
    +
  </styled.button>
</div>"
`;

exports[`components IncrementationField is incremented by 1 on increment button click 2`] = `
"<div>
  <styled.button type=\\"button\\" onClick={[Function: bound decrement]} data-cy=\\"undefined-decrement\\">
    -
  </styled.button>
  <styled.span>
    1
  </styled.span>
  <styled.button type=\\"button\\" onClick={[Function: bound increment]} data-cy=\\"undefined-increment\\">
    +
  </styled.button>
</div>"
`;

exports[`components IncrementationField is initialized with 0 if no value and min value is specified 1`] = `
"<div>
  <styled.button type=\\"button\\" onClick={[Function: bound decrement]} data-cy=\\"undefined-decrement\\">
    -
  </styled.button>
  <styled.span>
    0
  </styled.span>
  <styled.button type=\\"button\\" onClick={[Function: bound increment]} data-cy=\\"undefined-increment\\">
    +
  </styled.button>
</div>"
`;

exports[`components IncrementationField is initialized with min value if no value is specified 1`] = `
"<div>
  <styled.button type=\\"button\\" onClick={[Function: bound decrement]} data-cy=\\"undefined-decrement\\">
    -
  </styled.button>
  <styled.span>
    3
  </styled.span>
  <styled.button type=\\"button\\" onClick={[Function: bound increment]} data-cy=\\"undefined-increment\\">
    +
  </styled.button>
</div>"
`;

exports[`components IncrementationField is initialized with value 1`] = `
"<div>
  <styled.button type=\\"button\\" onClick={[Function: bound decrement]} data-cy=\\"undefined-decrement\\">
    -
  </styled.button>
  <styled.span>
    42
  </styled.span>
  <styled.button type=\\"button\\" onClick={[Function: bound increment]} data-cy=\\"undefined-increment\\">
    +
  </styled.button>
</div>"
`;

exports[`components IncrementationField is initialized with value if value and min value is specified 1`] = `
"<div>
  <styled.button type=\\"button\\" onClick={[Function: bound decrement]} data-cy=\\"undefined-decrement\\">
    -
  </styled.button>
  <styled.span>
    42
  </styled.span>
  <styled.button type=\\"button\\" onClick={[Function: bound increment]} data-cy=\\"undefined-increment\\">
    +
  </styled.button>
</div>"
`;
