// Jest Snapshot v1, https://jestjs.io/docs/snapshot-testing

exports[`components IncrementationField cannot have value lower than min value 1`] = `
<div>
  <div>
    <button
      class="sc-bdVaJa eSNaTq"
      data-cy="undefined-decrement"
      type="button"
    >
      -
    </button>
    <span
      class="sc-bwzfXH EEAiO"
    >
      3
    </span>
    <button
      class="sc-bdVaJa eSNaTq"
      data-cy="undefined-increment"
      type="button"
    >
      +
    </button>
  </div>
</div>
`;

exports[`components IncrementationField cannot have value lower than min value 2`] = `
<div>
  <div>
    <button
      class="sc-bdVaJa eSNaTq"
      data-cy="undefined-decrement"
      type="button"
    >
      -
    </button>
    <span
      class="sc-bwzfXH EEAiO"
    >
      3
    </span>
    <button
      class="sc-bdVaJa eSNaTq"
      data-cy="undefined-increment"
      type="button"
    >
      +
    </button>
  </div>
</div>
`;

exports[`components IncrementationField is decremented by 1 on decrement button click 1`] = `
<div>
  <div>
    <button
      class="sc-bdVaJa eSNaTq"
      data-cy="undefined-decrement"
      type="button"
    >
      -
    </button>
    <span
      class="sc-bwzfXH EEAiO"
    >
      42
    </span>
    <button
      class="sc-bdVaJa eSNaTq"
      data-cy="undefined-increment"
      type="button"
    >
      +
    </button>
  </div>
</div>
`;

exports[`components IncrementationField is decremented by 1 on decrement button click 2`] = `
<div>
  <div>
    <button
      class="sc-bdVaJa eSNaTq"
      data-cy="undefined-decrement"
      type="button"
    >
      -
    </button>
    <span
      class="sc-bwzfXH EEAiO"
    >
      41
    </span>
    <button
      class="sc-bdVaJa eSNaTq"
      data-cy="undefined-increment"
      type="button"
    >
      +
    </button>
  </div>
</div>
`;

exports[`components IncrementationField is incremented by 1 on increment button click 1`] = `
<div>
  <div>
    <button
      class="sc-bdVaJa eSNaTq"
      data-cy="undefined-decrement"
      type="button"
    >
      -
    </button>
    <span
      class="sc-bwzfXH EEAiO"
    >
      0
    </span>
    <button
      class="sc-bdVaJa eSNaTq"
      data-cy="undefined-increment"
      type="button"
    >
      +
    </button>
  </div>
</div>
`;

exports[`components IncrementationField is incremented by 1 on increment button click 2`] = `
<div>
  <div>
    <button
      class="sc-bdVaJa eSNaTq"
      data-cy="undefined-decrement"
      type="button"
    >
      -
    </button>
    <span
      class="sc-bwzfXH EEAiO"
    >
      1
    </span>
    <button
      class="sc-bdVaJa eSNaTq"
      data-cy="undefined-increment"
      type="button"
    >
      +
    </button>
  </div>
</div>
`;

exports[`components IncrementationField is initialized with 0 if no value and min value is specified 1`] = `
<div>
  <div>
    <button
      class="sc-bdVaJa eSNaTq"
      data-cy="undefined-decrement"
      type="button"
    >
      -
    </button>
    <span
      class="sc-bwzfXH EEAiO"
    >
      0
    </span>
    <button
      class="sc-bdVaJa eSNaTq"
      data-cy="undefined-increment"
      type="button"
    >
      +
    </button>
  </div>
</div>
`;

exports[`components IncrementationField is initialized with min value if no value is specified 1`] = `
<div>
  <div>
    <button
      class="sc-bdVaJa eSNaTq"
      data-cy="undefined-decrement"
      type="button"
    >
      -
    </button>
    <span
      class="sc-bwzfXH EEAiO"
    >
      3
    </span>
    <button
      class="sc-bdVaJa eSNaTq"
      data-cy="undefined-increment"
      type="button"
    >
      +
    </button>
  </div>
</div>
`;

exports[`components IncrementationField is initialized with value 1`] = `
<div>
  <div>
    <button
      class="sc-bdVaJa eSNaTq"
      data-cy="undefined-decrement"
      type="button"
    >
      -
    </button>
    <span
      class="sc-bwzfXH EEAiO"
    >
      42
    </span>
    <button
      class="sc-bdVaJa eSNaTq"
      data-cy="undefined-increment"
      type="button"
    >
      +
    </button>
  </div>
</div>
`;

exports[`components IncrementationField is initialized with value if value and min value is specified 1`] = `
<div>
  <div>
    <button
      class="sc-bdVaJa eSNaTq"
      data-cy="undefined-decrement"
      type="button"
    >
      -
    </button>
    <span
      class="sc-bwzfXH EEAiO"
    >
      42
    </span>
    <button
      class="sc-bdVaJa eSNaTq"
      data-cy="undefined-increment"
      type="button"
    >
      +
    </button>
  </div>
</div>
`;
