// Jest Snapshot v1, https://jestjs.io/docs/snapshot-testing

exports[`components LabeledBox is built correctly 1`] = `
<div>
  <div
    class="sc-bdVaJa pNFtZ my-class"
  >
    <div
      class="sc-bwzfXH gonQpC"
    >
      My label
    </div>
    <div
      class="sc-htpNat kUgvgo"
    >
      <div>
        child1
      </div>
      <div>
        child2
      </div>
    </div>
  </div>
</div>
`;
