// Jest Snapshot v1, https://jestjs.io/docs/snapshot-testing

exports[`components ModalDialog renders given content 1`] = `
<div>
  <div>
    <div
      class="sc-bdDsCe khUTuX"
      data-testid="modal-mask"
    />
    <div
      class="sc-gtcBCx sc-dkXsAU hcrjjJ ekNIgk"
    >
      <div>
        My test content
      </div>
    </div>
  </div>
</div>
`;
