// Jest Snapshot v1, https://jestjs.io/docs/snapshot-testing

exports[`components ModalDialog renders given content 1`] = `
<div>
  <div>
    <div
      class="sc-bdVaJa cGLdCl"
      data-testid="modal-mask"
    />
    <div
      class="sc-bwzfXH sc-htpNat feTfdV"
    >
      <div>
        My test content
      </div>
    </div>
  </div>
</div>
`;
