// Jest Snapshot v1, https://jestjs.io/docs/snapshot-testing

exports[`components LabeledComponent is built correctly 1`] = `
<div>
  <div
    class="sc-iAEyYj krEvOF"
  >
    <label
      class="sc-beqWay gptybM"
    >
      My label
    </label>
    <div
      class="sc-gueYod AhMTp"
    >
      <input
        id="my-input"
        type="text"
      />
    </div>
  </div>
</div>
`;
