// Jest Snapshot v1, https://jestjs.io/docs/snapshot-testing

exports[`components LabeledComponent is built correctly 1`] = `
<div>
  <div
    class="sc-iCoKjR edoGqq"
  >
    <label
      class="sc-bdnAzI bovLLd"
    >
      My label
    </label>
    <div
      class="sc-gtstET ka-DbvP"
    >
      <input
        id="my-input"
        type="text"
      />
    </div>
  </div>
</div>
`;
