// Jest Snapshot v1, https://goo.gl/fbAQLP

exports[`components LabeledComponent is built correctly 1`] = `
"<styled.div className={[undefined]} onFocus={[Function: bound handleFocus]} onBlur={[Function: bound handleBlur]}>
  <styled.label>
    My label
  </styled.label>
  <styled.div>
    <input type=\\"text\\" id=\\"my-input\\" />
  </styled.div>
</styled.div>"
`;
